Archive member included because of file (symbol)

f:/embedded_systems/01- embedded systems avr tools/01- imt sdk/imt_sdk_win_64/winavr/bin/../lib/gcc/avr/4.3.3/avr5\libgcc.a(_divmodsi4.o)
                              ./src/Uart.o (__divmodsi4)
f:/embedded_systems/01- embedded systems avr tools/01- imt sdk/imt_sdk_win_64/winavr/bin/../lib/gcc/avr/4.3.3/avr5\libgcc.a(_exit.o)
                              f:/embedded_systems/01- embedded systems avr tools/01- imt sdk/imt_sdk_win_64/winavr/bin/../lib/gcc/avr/4.3.3/../../../../avr/lib/avr5/crtm32.o (exit)
f:/embedded_systems/01- embedded systems avr tools/01- imt sdk/imt_sdk_win_64/winavr/bin/../lib/gcc/avr/4.3.3/avr5\libgcc.a(_clear_bss.o)
                              ./src/Uart.o (__do_clear_bss)
f:/embedded_systems/01- embedded systems avr tools/01- imt sdk/imt_sdk_win_64/winavr/bin/../lib/gcc/avr/4.3.3/avr5\libgcc.a(_ashldi3.o)
                              ./src/Uart.o (__ashldi3)
f:/embedded_systems/01- embedded systems avr tools/01- imt sdk/imt_sdk_win_64/winavr/bin/../lib/gcc/avr/4.3.3/avr5\libgcc.a(_udivdi3.o)
                              ./src/Uart.o (__udivdi3)
f:/embedded_systems/01- embedded systems avr tools/01- imt sdk/imt_sdk_win_64/winavr/bin/../lib/gcc/avr/4.3.3/avr5\libgcc.a(_umoddi3.o)
                              ./src/Uart.o (__umoddi3)
f:/embedded_systems/01- embedded systems avr tools/01- imt sdk/imt_sdk_win_64/winavr/bin/../lib/gcc/avr/4.3.3/avr5\libgcc.a(_mulsi3.o)
                              f:/embedded_systems/01- embedded systems avr tools/01- imt sdk/imt_sdk_win_64/winavr/bin/../lib/gcc/avr/4.3.3/avr5\libgcc.a(_udivdi3.o) (__mulsi3)
f:/embedded_systems/01- embedded systems avr tools/01- imt sdk/imt_sdk_win_64/winavr/bin/../lib/gcc/avr/4.3.3/avr5\libgcc.a(_udivmodsi4.o)
                              f:/embedded_systems/01- embedded systems avr tools/01- imt sdk/imt_sdk_win_64/winavr/bin/../lib/gcc/avr/4.3.3/avr5\libgcc.a(_divmodsi4.o) (__udivmodsi4)
f:/embedded_systems/01- embedded systems avr tools/01- imt sdk/imt_sdk_win_64/winavr/bin/../lib/gcc/avr/4.3.3/avr5\libgcc.a(_prologue.o)
                              f:/embedded_systems/01- embedded systems avr tools/01- imt sdk/imt_sdk_win_64/winavr/bin/../lib/gcc/avr/4.3.3/avr5\libgcc.a(_udivdi3.o) (__prologue_saves__)
f:/embedded_systems/01- embedded systems avr tools/01- imt sdk/imt_sdk_win_64/winavr/bin/../lib/gcc/avr/4.3.3/avr5\libgcc.a(_epilogue.o)
                              f:/embedded_systems/01- embedded systems avr tools/01- imt sdk/imt_sdk_win_64/winavr/bin/../lib/gcc/avr/4.3.3/avr5\libgcc.a(_udivdi3.o) (__epilogue_restores__)
f:/embedded_systems/01- embedded systems avr tools/01- imt sdk/imt_sdk_win_64/winavr/bin/../lib/gcc/avr/4.3.3/avr5\libgcc.a(_clz.o)
                              f:/embedded_systems/01- embedded systems avr tools/01- imt sdk/imt_sdk_win_64/winavr/bin/../lib/gcc/avr/4.3.3/avr5\libgcc.a(_udivdi3.o) (__clz_tab)
f:/embedded_systems/01- embedded systems avr tools/01- imt sdk/imt_sdk_win_64/winavr/bin/../lib/gcc/avr/4.3.3/avr5\libgcc.a(_copy_data.o)
                              f:/embedded_systems/01- embedded systems avr tools/01- imt sdk/imt_sdk_win_64/winavr/bin/../lib/gcc/avr/4.3.3/avr5\libgcc.a(_clz.o) (__do_copy_data)

Memory Configuration

Name             Origin             Length             Attributes
text             0x00000000         0x00020000         xr
data             0x00800060         0x0000ffa0         rw !x
eeprom           0x00810000         0x00010000         rw !x
fuse             0x00820000         0x00000400         rw !x
lock             0x00830000         0x00000400         rw !x
signature        0x00840000         0x00000400         rw !x
*default*        0x00000000         0xffffffff

Linker script and memory map

LOAD f:/embedded_systems/01- embedded systems avr tools/01- imt sdk/imt_sdk_win_64/winavr/bin/../lib/gcc/avr/4.3.3/../../../../avr/lib/avr5/crtm32.o
LOAD ./src/Dio.o
LOAD ./src/Direction.o
LOAD ./src/Uart.o
LOAD ./src/main.o
LOAD f:/embedded_systems/01- embedded systems avr tools/01- imt sdk/imt_sdk_win_64/winavr/bin/../lib/gcc/avr/4.3.3/avr5\libgcc.a
LOAD f:/embedded_systems/01- embedded systems avr tools/01- imt sdk/imt_sdk_win_64/winavr/bin/../lib/gcc/avr/4.3.3/../../../../avr/lib/avr5\libc.a
LOAD f:/embedded_systems/01- embedded systems avr tools/01- imt sdk/imt_sdk_win_64/winavr/bin/../lib/gcc/avr/4.3.3/avr5\libgcc.a

.hash
 *(.hash)

.dynsym
 *(.dynsym)

.dynstr
 *(.dynstr)

.gnu.version
 *(.gnu.version)

.gnu.version_d
 *(.gnu.version_d)

.gnu.version_r
 *(.gnu.version_r)

.rel.init
 *(.rel.init)

.rela.init
 *(.rela.init)

.rel.text
 *(.rel.text)
 *(.rel.text.*)
 *(.rel.gnu.linkonce.t*)

.rela.text
 *(.rela.text)
 *(.rela.text.*)
 *(.rela.gnu.linkonce.t*)

.rel.fini
 *(.rel.fini)

.rela.fini
 *(.rela.fini)

.rel.rodata
 *(.rel.rodata)
 *(.rel.rodata.*)
 *(.rel.gnu.linkonce.r*)

.rela.rodata
 *(.rela.rodata)
 *(.rela.rodata.*)
 *(.rela.gnu.linkonce.r*)

.rel.data
 *(.rel.data)
 *(.rel.data.*)
 *(.rel.gnu.linkonce.d*)

.rela.data
 *(.rela.data)
 *(.rela.data.*)
 *(.rela.gnu.linkonce.d*)

.rel.ctors
 *(.rel.ctors)

.rela.ctors
 *(.rela.ctors)

.rel.dtors
 *(.rel.dtors)

.rela.dtors
 *(.rela.dtors)

.rel.got
 *(.rel.got)

.rela.got
 *(.rela.got)

.rel.bss
 *(.rel.bss)

.rela.bss
 *(.rela.bss)

.rel.plt
 *(.rel.plt)

.rela.plt
 *(.rela.plt)

.text           0x00000000     0x2552
 *(.vectors)
 .vectors       0x00000000       0x54 f:/embedded_systems/01- embedded systems avr tools/01- imt sdk/imt_sdk_win_64/winavr/bin/../lib/gcc/avr/4.3.3/../../../../avr/lib/avr5/crtm32.o
                0x00000000                __vectors
                0x00000000                __vector_default
 *(.vectors)
 *(.progmem.gcc*)
 *(.progmem*)
                0x00000054                . = ALIGN (0x2)
                0x00000054                __trampolines_start = .
 *(.trampolines)
 .trampolines   0x00000054        0x0 linker stubs
 *(.trampolines*)
                0x00000054                __trampolines_end = .
 *(.jumptables)
 *(.jumptables*)
 *(.lowtext)
 *(.lowtext*)
                0x00000054                __ctors_start = .
 *(.ctors)
                0x00000054                __ctors_end = .
                0x00000054                __dtors_start = .
 *(.dtors)
                0x00000054                __dtors_end = .
 SORT(*)(.ctors)
 SORT(*)(.dtors)
 *(.init0)
 .init0         0x00000054        0x0 f:/embedded_systems/01- embedded systems avr tools/01- imt sdk/imt_sdk_win_64/winavr/bin/../lib/gcc/avr/4.3.3/../../../../avr/lib/avr5/crtm32.o
                0x00000054                __init
 *(.init0)
 *(.init1)
 *(.init1)
 *(.init2)
 .init2         0x00000054        0xc f:/embedded_systems/01- embedded systems avr tools/01- imt sdk/imt_sdk_win_64/winavr/bin/../lib/gcc/avr/4.3.3/../../../../avr/lib/avr5/crtm32.o
 *(.init2)
 *(.init3)
 *(.init3)
 *(.init4)
 .init4         0x00000060       0x10 f:/embedded_systems/01- embedded systems avr tools/01- imt sdk/imt_sdk_win_64/winavr/bin/../lib/gcc/avr/4.3.3/avr5\libgcc.a(_clear_bss.o)
                0x00000060                __do_clear_bss
 .init4         0x00000070       0x16 f:/embedded_systems/01- embedded systems avr tools/01- imt sdk/imt_sdk_win_64/winavr/bin/../lib/gcc/avr/4.3.3/avr5\libgcc.a(_copy_data.o)
                0x00000070                __do_copy_data
 *(.init4)
 *(.init5)
 *(.init5)
 *(.init6)
 *(.init6)
 *(.init7)
 *(.init7)
 *(.init8)
 *(.init8)
 *(.init9)
 .init9         0x00000086        0x8 f:/embedded_systems/01- embedded systems avr tools/01- imt sdk/imt_sdk_win_64/winavr/bin/../lib/gcc/avr/4.3.3/../../../../avr/lib/avr5/crtm32.o
 *(.init9)
 *(.text)
 .text          0x0000008e        0x4 f:/embedded_systems/01- embedded systems avr tools/01- imt sdk/imt_sdk_win_64/winavr/bin/../lib/gcc/avr/4.3.3/../../../../avr/lib/avr5/crtm32.o
                0x0000008e                __vector_1
                0x0000008e                __vector_12
                0x0000008e                __bad_interrupt
                0x0000008e                __vector_6
                0x0000008e                __vector_3
                0x0000008e                __vector_11
                0x0000008e                __vector_17
                0x0000008e                __vector_19
                0x0000008e                __vector_7
                0x0000008e                __vector_5
                0x0000008e                __vector_4
                0x0000008e                __vector_9
                0x0000008e                __vector_2
                0x0000008e                __vector_8
                0x0000008e                __vector_10
                0x0000008e                __vector_16
                0x0000008e                __vector_18
                0x0000008e                __vector_20
 .text          0x00000092        0x0 ./src/Dio.o
 .text          0x00000092        0x0 ./src/Direction.o
 .text          0x00000092        0x0 ./src/Uart.o
 .text          0x00000092        0x0 ./src/main.o
 .text          0x00000092        0x0 f:/embedded_systems/01- embedded systems avr tools/01- imt sdk/imt_sdk_win_64/winavr/bin/../lib/gcc/avr/4.3.3/avr5\libgcc.a(_divmodsi4.o)
 .text          0x00000092        0x0 f:/embedded_systems/01- embedded systems avr tools/01- imt sdk/imt_sdk_win_64/winavr/bin/../lib/gcc/avr/4.3.3/avr5\libgcc.a(_exit.o)
 .text          0x00000092        0x0 f:/embedded_systems/01- embedded systems avr tools/01- imt sdk/imt_sdk_win_64/winavr/bin/../lib/gcc/avr/4.3.3/avr5\libgcc.a(_clear_bss.o)
 .text          0x00000092       0xfe f:/embedded_systems/01- embedded systems avr tools/01- imt sdk/imt_sdk_win_64/winavr/bin/../lib/gcc/avr/4.3.3/avr5\libgcc.a(_ashldi3.o)
                0x00000092                __ashldi3
 .text          0x00000190      0xcea f:/embedded_systems/01- embedded systems avr tools/01- imt sdk/imt_sdk_win_64/winavr/bin/../lib/gcc/avr/4.3.3/avr5\libgcc.a(_udivdi3.o)
                0x00000190                __udivdi3
 .text          0x00000e7a      0xce0 f:/embedded_systems/01- embedded systems avr tools/01- imt sdk/imt_sdk_win_64/winavr/bin/../lib/gcc/avr/4.3.3/avr5\libgcc.a(_umoddi3.o)
                0x00000e7a                __umoddi3
 .text          0x00001b5a        0x0 f:/embedded_systems/01- embedded systems avr tools/01- imt sdk/imt_sdk_win_64/winavr/bin/../lib/gcc/avr/4.3.3/avr5\libgcc.a(_mulsi3.o)
 .text          0x00001b5a        0x0 f:/embedded_systems/01- embedded systems avr tools/01- imt sdk/imt_sdk_win_64/winavr/bin/../lib/gcc/avr/4.3.3/avr5\libgcc.a(_udivmodsi4.o)
 .text          0x00001b5a        0x0 f:/embedded_systems/01- embedded systems avr tools/01- imt sdk/imt_sdk_win_64/winavr/bin/../lib/gcc/avr/4.3.3/avr5\libgcc.a(_prologue.o)
 .text          0x00001b5a        0x0 f:/embedded_systems/01- embedded systems avr tools/01- imt sdk/imt_sdk_win_64/winavr/bin/../lib/gcc/avr/4.3.3/avr5\libgcc.a(_epilogue.o)
 .text          0x00001b5a        0x0 f:/embedded_systems/01- embedded systems avr tools/01- imt sdk/imt_sdk_win_64/winavr/bin/../lib/gcc/avr/4.3.3/avr5\libgcc.a(_clz.o)
 .text          0x00001b5a        0x0 f:/embedded_systems/01- embedded systems avr tools/01- imt sdk/imt_sdk_win_64/winavr/bin/../lib/gcc/avr/4.3.3/avr5\libgcc.a(_copy_data.o)
                0x00001b5a                . = ALIGN (0x2)
 *(.text.*)
 .text.Dio_SetPinMode
                0x00001b5a      0x19c ./src/Dio.o
                0x00001b5a                Dio_SetPinMode
 .text.Dio_SetPinLevel
                0x00001cf6       0xf2 ./src/Dio.o
                0x00001cf6                Dio_SetPinLevel
 .text.Dio_FlipPinLevel
                0x00001de8       0x98 ./src/Dio.o
                0x00001de8                Dio_FlipPinLevel
 .text.Dio_ReadPinLevel
                0x00001e80       0x40 ./src/Dio.o
                0x00001e80                Dio_ReadPinLevel
 .text.Dir_Left
                0x00001ec0       0x2a ./src/Direction.o
                0x00001ec0                Dir_Left
 .text.Dir_Right
                0x00001eea       0x2a ./src/Direction.o
                0x00001eea                Dir_Right
 .text.Dir_Backward
                0x00001f14       0x2a ./src/Direction.o
                0x00001f14                Dir_Backward
 .text.Dir_Forward
                0x00001f3e       0x2a ./src/Direction.o
                0x00001f3e                Dir_Forward
 .text.Dir_StoP
                0x00001f68       0x2a ./src/Direction.o
                0x00001f68                Dir_StoP
 .text.Dir_Motion_Init
                0x00001f92       0x2a ./src/Direction.o
                0x00001f92                Dir_Motion_Init
 .text.__vector_13
                0x00001fbc       0x54 ./src/Uart.o
                0x00001fbc                __vector_13
 .text.__vector_15
                0x00002010       0x52 ./src/Uart.o
                0x00002010                __vector_15
 .text.__vector_14
                0x00002062       0x52 ./src/Uart.o
                0x00002062                __vector_14
 .text.Uart_SetBaudRate
                0x000020b4        0xa ./src/Uart.o
                0x000020b4                Uart_SetBaudRate
 .text.Uart_Transmit
                0x000020be        0xe ./src/Uart.o
                0x000020be                Uart_Transmit
 .text.Uart_SendNumber
                0x000020cc      0x298 ./src/Uart.o
                0x000020cc                Uart_SendNumber
 .text.Uart_Receive
                0x00002364        0x8 ./src/Uart.o
                0x00002364                Uart_Receive
 .text.Uart_EnableNotification
                0x0000236c       0x1a ./src/Uart.o
                0x0000236c                Uart_EnableNotification
 .text.Uart_DisableNotification
                0x00002386       0x1a ./src/Uart.o
                0x00002386                Uart_DisableNotification
 .text.Uart_SetTransmitCallback
                0x000023a0        0xa ./src/Uart.o
                0x000023a0                Uart_SetTransmitCallback
 .text.Uart_SetDataEmptyCallback
                0x000023aa        0xa ./src/Uart.o
                0x000023aa                Uart_SetDataEmptyCallback
 .text.Uart_SetReceiveCallback
                0x000023b4        0xa ./src/Uart.o
                0x000023b4                Uart_SetReceiveCallback
 .text.Uart_Init
                0x000023be       0x28 ./src/Uart.o
                0x000023be                Uart_Init
 .text.main     0x000023e6       0x42 ./src/main.o
                0x000023e6                main
 .text.libgcc   0x00002428       0x36 f:/embedded_systems/01- embedded systems avr tools/01- imt sdk/imt_sdk_win_64/winavr/bin/../lib/gcc/avr/4.3.3/avr5\libgcc.a(_divmodsi4.o)
                0x00002428                __divmodsi4
 .text.libgcc   0x0000245e        0x0 f:/embedded_systems/01- embedded systems avr tools/01- imt sdk/imt_sdk_win_64/winavr/bin/../lib/gcc/avr/4.3.3/avr5\libgcc.a(_exit.o)
 .text.libgcc   0x0000245e        0x0 f:/embedded_systems/01- embedded systems avr tools/01- imt sdk/imt_sdk_win_64/winavr/bin/../lib/gcc/avr/4.3.3/avr5\libgcc.a(_clear_bss.o)
 .text.libgcc   0x0000245e       0x3e f:/embedded_systems/01- embedded systems avr tools/01- imt sdk/imt_sdk_win_64/winavr/bin/../lib/gcc/avr/4.3.3/avr5\libgcc.a(_mulsi3.o)
                0x0000245e                __mulsi3
 .text.libgcc   0x0000249c       0x44 f:/embedded_systems/01- embedded systems avr tools/01- imt sdk/imt_sdk_win_64/winavr/bin/../lib/gcc/avr/4.3.3/avr5\libgcc.a(_udivmodsi4.o)
                0x0000249c                __udivmodsi4
 .text.libgcc   0x000024e0       0x38 f:/embedded_systems/01- embedded systems avr tools/01- imt sdk/imt_sdk_win_64/winavr/bin/../lib/gcc/avr/4.3.3/avr5\libgcc.a(_prologue.o)
                0x000024e0                __prologue_saves__
 .text.libgcc   0x00002518       0x36 f:/embedded_systems/01- embedded systems avr tools/01- imt sdk/imt_sdk_win_64/winavr/bin/../lib/gcc/avr/4.3.3/avr5\libgcc.a(_epilogue.o)
                0x00002518                __epilogue_restores__
 .text.libgcc   0x0000254e        0x0 f:/embedded_systems/01- embedded systems avr tools/01- imt sdk/imt_sdk_win_64/winavr/bin/../lib/gcc/avr/4.3.3/avr5\libgcc.a(_copy_data.o)
                0x0000254e                . = ALIGN (0x2)
 *(.fini9)
 .fini9         0x0000254e        0x0 f:/embedded_systems/01- embedded systems avr tools/01- imt sdk/imt_sdk_win_64/winavr/bin/../lib/gcc/avr/4.3.3/avr5\libgcc.a(_exit.o)
                0x0000254e                exit
                0x0000254e                _exit
 *(.fini9)
 *(.fini8)
 *(.fini8)
 *(.fini7)
 *(.fini7)
 *(.fini6)
 *(.fini6)
 *(.fini5)
 *(.fini5)
 *(.fini4)
 *(.fini4)
 *(.fini3)
 *(.fini3)
 *(.fini2)
 *(.fini2)
 *(.fini1)
 *(.fini1)
 *(.fini0)
 .fini0         0x0000254e        0x4 f:/embedded_systems/01- embedded systems avr tools/01- imt sdk/imt_sdk_win_64/winavr/bin/../lib/gcc/avr/4.3.3/avr5\libgcc.a(_exit.o)
 *(.fini0)
                0x00002552                _etext = .

.data           0x00800060      0x100 load address 0x00002552
                0x00800060                PROVIDE (__data_start, .)
 *(.data)
 .data          0x00800060        0x0 f:/embedded_systems/01- embedded systems avr tools/01- imt sdk/imt_sdk_win_64/winavr/bin/../lib/gcc/avr/4.3.3/../../../../avr/lib/avr5/crtm32.o
 .data          0x00800060        0x0 ./src/Dio.o
 .data          0x00800060        0x0 ./src/Direction.o
 .data          0x00800060        0x0 ./src/Uart.o
 .data          0x00800060        0x0 ./src/main.o
 .data          0x00800060        0x0 f:/embedded_systems/01- embedded systems avr tools/01- imt sdk/imt_sdk_win_64/winavr/bin/../lib/gcc/avr/4.3.3/avr5\libgcc.a(_divmodsi4.o)
 .data          0x00800060        0x0 f:/embedded_systems/01- embedded systems avr tools/01- imt sdk/imt_sdk_win_64/winavr/bin/../lib/gcc/avr/4.3.3/avr5\libgcc.a(_exit.o)
 .data          0x00800060        0x0 f:/embedded_systems/01- embedded systems avr tools/01- imt sdk/imt_sdk_win_64/winavr/bin/../lib/gcc/avr/4.3.3/avr5\libgcc.a(_clear_bss.o)
 .data          0x00800060        0x0 f:/embedded_systems/01- embedded systems avr tools/01- imt sdk/imt_sdk_win_64/winavr/bin/../lib/gcc/avr/4.3.3/avr5\libgcc.a(_ashldi3.o)
 .data          0x00800060        0x0 f:/embedded_systems/01- embedded systems avr tools/01- imt sdk/imt_sdk_win_64/winavr/bin/../lib/gcc/avr/4.3.3/avr5\libgcc.a(_udivdi3.o)
 .data          0x00800060        0x0 f:/embedded_systems/01- embedded systems avr tools/01- imt sdk/imt_sdk_win_64/winavr/bin/../lib/gcc/avr/4.3.3/avr5\libgcc.a(_umoddi3.o)
 .data          0x00800060        0x0 f:/embedded_systems/01- embedded systems avr tools/01- imt sdk/imt_sdk_win_64/winavr/bin/../lib/gcc/avr/4.3.3/avr5\libgcc.a(_mulsi3.o)
 .data          0x00800060        0x0 f:/embedded_systems/01- embedded systems avr tools/01- imt sdk/imt_sdk_win_64/winavr/bin/../lib/gcc/avr/4.3.3/avr5\libgcc.a(_udivmodsi4.o)
 .data          0x00800060        0x0 f:/embedded_systems/01- embedded systems avr tools/01- imt sdk/imt_sdk_win_64/winavr/bin/../lib/gcc/avr/4.3.3/avr5\libgcc.a(_prologue.o)
 .data          0x00800060        0x0 f:/embedded_systems/01- embedded systems avr tools/01- imt sdk/imt_sdk_win_64/winavr/bin/../lib/gcc/avr/4.3.3/avr5\libgcc.a(_epilogue.o)
 .data          0x00800060      0x100 f:/embedded_systems/01- embedded systems avr tools/01- imt sdk/imt_sdk_win_64/winavr/bin/../lib/gcc/avr/4.3.3/avr5\libgcc.a(_clz.o)
                0x00800060                __clz_tab
 .data          0x00800160        0x0 f:/embedded_systems/01- embedded systems avr tools/01- imt sdk/imt_sdk_win_64/winavr/bin/../lib/gcc/avr/4.3.3/avr5\libgcc.a(_copy_data.o)
 *(.data*)
 *(.rodata)
 *(.rodata*)
 *(.gnu.linkonce.d*)
                0x00800160                . = ALIGN (0x2)
                0x00800160                _edata = .
                0x00800160                PROVIDE (__data_end, .)

.bss            0x00800160        0x6
                0x00800160                PROVIDE (__bss_start, .)
 *(.bss)
 .bss           0x00800160        0x0 f:/embedded_systems/01- embedded systems avr tools/01- imt sdk/imt_sdk_win_64/winavr/bin/../lib/gcc/avr/4.3.3/../../../../avr/lib/avr5/crtm32.o
 .bss           0x00800160        0x0 ./src/Dio.o
 .bss           0x00800160        0x0 ./src/Direction.o
 .bss           0x00800160        0x0 ./src/Uart.o
 .bss           0x00800160        0x0 ./src/main.o
 .bss           0x00800160        0x0 f:/embedded_systems/01- embedded systems avr tools/01- imt sdk/imt_sdk_win_64/winavr/bin/../lib/gcc/avr/4.3.3/avr5\libgcc.a(_divmodsi4.o)
 .bss           0x00800160        0x0 f:/embedded_systems/01- embedded systems avr tools/01- imt sdk/imt_sdk_win_64/winavr/bin/../lib/gcc/avr/4.3.3/avr5\libgcc.a(_exit.o)
 .bss           0x00800160        0x0 f:/embedded_systems/01- embedded systems avr tools/01- imt sdk/imt_sdk_win_64/winavr/bin/../lib/gcc/avr/4.3.3/avr5\libgcc.a(_clear_bss.o)
 .bss           0x00800160        0x0 f:/embedded_systems/01- embedded systems avr tools/01- imt sdk/imt_sdk_win_64/winavr/bin/../lib/gcc/avr/4.3.3/avr5\libgcc.a(_ashldi3.o)
 .bss           0x00800160        0x0 f:/embedded_systems/01- embedded systems avr tools/01- imt sdk/imt_sdk_win_64/winavr/bin/../lib/gcc/avr/4.3.3/avr5\libgcc.a(_udivdi3.o)
 .bss           0x00800160        0x0 f:/embedded_systems/01- embedded systems avr tools/01- imt sdk/imt_sdk_win_64/winavr/bin/../lib/gcc/avr/4.3.3/avr5\libgcc.a(_umoddi3.o)
 .bss           0x00800160        0x0 f:/embedded_systems/01- embedded systems avr tools/01- imt sdk/imt_sdk_win_64/winavr/bin/../lib/gcc/avr/4.3.3/avr5\libgcc.a(_mulsi3.o)
 .bss           0x00800160        0x0 f:/embedded_systems/01- embedded systems avr tools/01- imt sdk/imt_sdk_win_64/winavr/bin/../lib/gcc/avr/4.3.3/avr5\libgcc.a(_udivmodsi4.o)
 .bss           0x00800160        0x0 f:/embedded_systems/01- embedded systems avr tools/01- imt sdk/imt_sdk_win_64/winavr/bin/../lib/gcc/avr/4.3.3/avr5\libgcc.a(_prologue.o)
 .bss           0x00800160        0x0 f:/embedded_systems/01- embedded systems avr tools/01- imt sdk/imt_sdk_win_64/winavr/bin/../lib/gcc/avr/4.3.3/avr5\libgcc.a(_epilogue.o)
 .bss           0x00800160        0x0 f:/embedded_systems/01- embedded systems avr tools/01- imt sdk/imt_sdk_win_64/winavr/bin/../lib/gcc/avr/4.3.3/avr5\libgcc.a(_clz.o)
 .bss           0x00800160        0x0 f:/embedded_systems/01- embedded systems avr tools/01- imt sdk/imt_sdk_win_64/winavr/bin/../lib/gcc/avr/4.3.3/avr5\libgcc.a(_copy_data.o)
 *(.bss*)
 .bss.Uart_RxCallback
                0x00800160        0x2 ./src/Uart.o
                0x00800160                Uart_RxCallback
 .bss.Uart_TxCallback
                0x00800162        0x2 ./src/Uart.o
                0x00800162                Uart_TxCallback
 .bss.Uart_RegEmptyCallback
                0x00800164        0x2 ./src/Uart.o
                0x00800164                Uart_RegEmptyCallback
 *(COMMON)
                0x00800166                PROVIDE (__bss_end, .)
                0x00002552                __data_load_start = LOADADDR (.data)
                0x00002652                __data_load_end = (__data_load_start + SIZEOF (.data))

.noinit         0x00800166        0x0
                0x00800166                PROVIDE (__noinit_start, .)
 *(.noinit*)
                0x00800166                PROVIDE (__noinit_end, .)
                0x00800166                _end = .
                0x00800166                PROVIDE (__heap_start, .)

.eeprom         0x00810000        0x0
 *(.eeprom*)
                0x00810000                __eeprom_end = .

.fuse
 *(.fuse)
 *(.lfuse)
 *(.hfuse)
 *(.efuse)

.lock
 *(.lock*)

.signature
 *(.signature*)

.stab
 *(.stab)

.stabstr
 *(.stabstr)

.stab.excl
 *(.stab.excl)

.stab.exclstr
 *(.stab.exclstr)

.stab.index
 *(.stab.index)

.stab.indexstr
 *(.stab.indexstr)

.comment
 *(.comment)

.debug
 *(.debug)

.line
 *(.line)

.debug_srcinfo
 *(.debug_srcinfo)

.debug_sfnames
 *(.debug_sfnames)

.debug_aranges  0x00000000       0x60
 *(.debug_aranges)
 .debug_aranges
                0x00000000       0x20 f:/embedded_systems/01- embedded systems avr tools/01- imt sdk/imt_sdk_win_64/winavr/bin/../lib/gcc/avr/4.3.3/avr5\libgcc.a(_ashldi3.o)
 .debug_aranges
                0x00000020       0x20 f:/embedded_systems/01- embedded systems avr tools/01- imt sdk/imt_sdk_win_64/winavr/bin/../lib/gcc/avr/4.3.3/avr5\libgcc.a(_udivdi3.o)
 .debug_aranges
                0x00000040       0x20 f:/embedded_systems/01- embedded systems avr tools/01- imt sdk/imt_sdk_win_64/winavr/bin/../lib/gcc/avr/4.3.3/avr5\libgcc.a(_umoddi3.o)

.debug_pubnames
                0x00000000       0x80
 *(.debug_pubnames)
 .debug_pubnames
                0x00000000       0x20 f:/embedded_systems/01- embedded systems avr tools/01- imt sdk/imt_sdk_win_64/winavr/bin/../lib/gcc/avr/4.3.3/avr5\libgcc.a(_ashldi3.o)
 .debug_pubnames
                0x00000020       0x20 f:/embedded_systems/01- embedded systems avr tools/01- imt sdk/imt_sdk_win_64/winavr/bin/../lib/gcc/avr/4.3.3/avr5\libgcc.a(_udivdi3.o)
 .debug_pubnames
                0x00000040       0x20 f:/embedded_systems/01- embedded systems avr tools/01- imt sdk/imt_sdk_win_64/winavr/bin/../lib/gcc/avr/4.3.3/avr5\libgcc.a(_umoddi3.o)
 .debug_pubnames
                0x00000060       0x20 f:/embedded_systems/01- embedded systems avr tools/01- imt sdk/imt_sdk_win_64/winavr/bin/../lib/gcc/avr/4.3.3/avr5\libgcc.a(_clz.o)

.debug_info     0x00000000     0x109d
 *(.debug_info)
 .debug_info    0x00000000      0x17f f:/embedded_systems/01- embedded systems avr tools/01- imt sdk/imt_sdk_win_64/winavr/bin/../lib/gcc/avr/4.3.3/avr5\libgcc.a(_ashldi3.o)
 .debug_info    0x0000017f      0x71e f:/embedded_systems/01- embedded systems avr tools/01- imt sdk/imt_sdk_win_64/winavr/bin/../lib/gcc/avr/4.3.3/avr5\libgcc.a(_udivdi3.o)
 .debug_info    0x0000089d      0x757 f:/embedded_systems/01- embedded systems avr tools/01- imt sdk/imt_sdk_win_64/winavr/bin/../lib/gcc/avr/4.3.3/avr5\libgcc.a(_umoddi3.o)
 .debug_info    0x00000ff4       0xa9 f:/embedded_systems/01- embedded systems avr tools/01- imt sdk/imt_sdk_win_64/winavr/bin/../lib/gcc/avr/4.3.3/avr5\libgcc.a(_clz.o)
 *(.gnu.linkonce.wi.*)

.debug_abbrev   0x00000000      0x469
 *(.debug_abbrev)
 .debug_abbrev  0x00000000       0xee f:/embedded_systems/01- embedded systems avr tools/01- imt sdk/imt_sdk_win_64/winavr/bin/../lib/gcc/avr/4.3.3/avr5\libgcc.a(_ashldi3.o)
 .debug_abbrev  0x000000ee      0x181 f:/embedded_systems/01- embedded systems avr tools/01- imt sdk/imt_sdk_win_64/winavr/bin/../lib/gcc/avr/4.3.3/avr5\libgcc.a(_udivdi3.o)
 .debug_abbrev  0x0000026f      0x190 f:/embedded_systems/01- embedded systems avr tools/01- imt sdk/imt_sdk_win_64/winavr/bin/../lib/gcc/avr/4.3.3/avr5\libgcc.a(_umoddi3.o)
 .debug_abbrev  0x000003ff       0x6a f:/embedded_systems/01- embedded systems avr tools/01- imt sdk/imt_sdk_win_64/winavr/bin/../lib/gcc/avr/4.3.3/avr5\libgcc.a(_clz.o)

.debug_line     0x00000000      0x55b
 *(.debug_line)
 .debug_line    0x00000000       0xd7 f:/embedded_systems/01- embedded systems avr tools/01- imt sdk/imt_sdk_win_64/winavr/bin/../lib/gcc/avr/4.3.3/avr5\libgcc.a(_ashldi3.o)
 .debug_line    0x000000d7      0x1d8 f:/embedded_systems/01- embedded systems avr tools/01- imt sdk/imt_sdk_win_64/winavr/bin/../lib/gcc/avr/4.3.3/avr5\libgcc.a(_udivdi3.o)
 .debug_line    0x000002af      0x230 f:/embedded_systems/01- embedded systems avr tools/01- imt sdk/imt_sdk_win_64/winavr/bin/../lib/gcc/avr/4.3.3/avr5\libgcc.a(_umoddi3.o)
 .debug_line    0x000004df       0x7c f:/embedded_systems/01- embedded systems avr tools/01- imt sdk/imt_sdk_win_64/winavr/bin/../lib/gcc/avr/4.3.3/avr5\libgcc.a(_clz.o)

.debug_frame    0x00000000       0x60
 *(.debug_frame)
 .debug_frame   0x00000000       0x20 f:/embedded_systems/01- embedded systems avr tools/01- imt sdk/imt_sdk_win_64/winavr/bin/../lib/gcc/avr/4.3.3/avr5\libgcc.a(_ashldi3.o)
 .debug_frame   0x00000020       0x20 f:/embedded_systems/01- embedded systems avr tools/01- imt sdk/imt_sdk_win_64/winavr/bin/../lib/gcc/avr/4.3.3/avr5\libgcc.a(_udivdi3.o)
 .debug_frame   0x00000040       0x20 f:/embedded_systems/01- embedded systems avr tools/01- imt sdk/imt_sdk_win_64/winavr/bin/../lib/gcc/avr/4.3.3/avr5\libgcc.a(_umoddi3.o)

.debug_str      0x00000000      0x16a
 *(.debug_str)
 .debug_str     0x00000000       0xe4 f:/embedded_systems/01- embedded systems avr tools/01- imt sdk/imt_sdk_win_64/winavr/bin/../lib/gcc/avr/4.3.3/avr5\libgcc.a(_ashldi3.o)
                                0x131 (size before relaxing)
 .debug_str     0x000000e4       0x7c f:/embedded_systems/01- embedded systems avr tools/01- imt sdk/imt_sdk_win_64/winavr/bin/../lib/gcc/avr/4.3.3/avr5\libgcc.a(_udivdi3.o)
                                0x18a (size before relaxing)
 .debug_str     0x00000160        0xa f:/embedded_systems/01- embedded systems avr tools/01- imt sdk/imt_sdk_win_64/winavr/bin/../lib/gcc/avr/4.3.3/avr5\libgcc.a(_umoddi3.o)
                                0x18a (size before relaxing)
 .debug_str     0x00000000       0xf4 f:/embedded_systems/01- embedded systems avr tools/01- imt sdk/imt_sdk_win_64/winavr/bin/../lib/gcc/avr/4.3.3/avr5\libgcc.a(_clz.o)

.debug_loc      0x00000000     0x1a1e
 *(.debug_loc)
 .debug_loc     0x00000000       0xf8 f:/embedded_systems/01- embedded systems avr tools/01- imt sdk/imt_sdk_win_64/winavr/bin/../lib/gcc/avr/4.3.3/avr5\libgcc.a(_ashldi3.o)
 .debug_loc     0x000000f8      0xe74 f:/embedded_systems/01- embedded systems avr tools/01- imt sdk/imt_sdk_win_64/winavr/bin/../lib/gcc/avr/4.3.3/avr5\libgcc.a(_udivdi3.o)
 .debug_loc     0x00000f6c      0xab2 f:/embedded_systems/01- embedded systems avr tools/01- imt sdk/imt_sdk_win_64/winavr/bin/../lib/gcc/avr/4.3.3/avr5\libgcc.a(_umoddi3.o)

.debug_macinfo
 *(.debug_macinfo)
OUTPUT(RC_CAR.elf elf32-avr)
LOAD linker stubs

.debug_ranges   0x00000000       0x30
 .debug_ranges  0x00000000       0x18 f:/embedded_systems/01- embedded systems avr tools/01- imt sdk/imt_sdk_win_64/winavr/bin/../lib/gcc/avr/4.3.3/avr5\libgcc.a(_udivdi3.o)
 .debug_ranges  0x00000018       0x18 f:/embedded_systems/01- embedded systems avr tools/01- imt sdk/imt_sdk_win_64/winavr/bin/../lib/gcc/avr/4.3.3/avr5\libgcc.a(_umoddi3.o)
